This is pdfTeX, Version 3.141592653-2.6-1.40.27 (TeX Live 2025) (preloaded format=pdflatex 2025.3.8)  27 MAY 2026 10:39
entering extended mode
 restricted \write18 enabled.
 %&-line parsing enabled.
**T-RKG_IEEE_Access_v3_final.tex
(./T-RKG_IEEE_Access_v3_final.tex
LaTeX2e <2024-11-01> patch level 2
L3 programming layer <2025-01-18>
(./ieeeaccess.cls
(/usr/local/texlive/2025/texmf-dist/tex/latex/ieeetran/IEEEtran.cls
Document Class: IEEEtran 2015/08/26 V1.8b by Michael Shell
-- See the "IEEEtran_HOWTO" manual for usage information.
-- http://www.michaelshell.org/tex/ieeetran/
\@IEEEtrantmpdimenA=\dimen141
\@IEEEtrantmpdimenB=\dimen142
\@IEEEtrantmpdimenC=\dimen143
\@IEEEtrantmpcountA=\count196
\@IEEEtrantmpcountB=\count197
\@IEEEtrantmpcountC=\count198
\@IEEEtrantmptoksA=\toks17
LaTeX Font Info:    Trying to load font information for OT1+ptm on input line 5
03.
(/usr/local/texlive/2025/texmf-dist/tex/latex/psnfss/ot1ptm.fd
File: ot1ptm.fd 2001/06/04 font definitions for OT1/ptm.
)
-- Using 8.5in x 11in (letter) paper.
-- Using PDF output.
\@IEEEnormalsizeunitybaselineskip=\dimen144
-- This is a 10 point document.
\CLASSINFOnormalsizebaselineskip=\dimen145
\CLASSINFOnormalsizeunitybaselineskip=\dimen146
\IEEEnormaljot=\dimen147
LaTeX Font Info:    Font shape `OT1/ptm/bx/n' in size <5> not available
(Font)              Font shape `OT1/ptm/b/n' tried instead on input line 1090.
LaTeX Font Info:    Font shape `OT1/ptm/bx/it' in size <5> not available
(Font)              Font shape `OT1/ptm/b/it' tried instead on input line 1090.

LaTeX Font Info:    Font shape `OT1/ptm/bx/n' in size <7> not available
(Font)              Font shape `OT1/ptm/b/n' tried instead on input line 1090.
LaTeX Font Info:    Font shape `OT1/ptm/bx/it' in size <7> not available
(Font)              Font shape `OT1/ptm/b/it' tried instead on input line 1090.

LaTeX Font Info:    Font shape `OT1/ptm/bx/n' in size <8> not available
(Font)              Font shape `OT1/ptm/b/n' tried instead on input line 1090.
LaTeX Font Info:    Font shape `OT1/ptm/bx/it' in size <8> not available
(Font)              Font shape `OT1/ptm/b/it' tried instead on input line 1090.

LaTeX Font Info:    Font shape `OT1/ptm/bx/n' in size <9> not available
(Font)              Font shape `OT1/ptm/b/n' tried instead on input line 1090.
LaTeX Font Info:    Font shape `OT1/ptm/bx/it' in size <9> not available
(Font)              Font shape `OT1/ptm/b/it' tried instead on input line 1090.

LaTeX Font Info:    Font shape `OT1/ptm/bx/n' in size <10> not available
(Font)              Font shape `OT1/ptm/b/n' tried instead on input line 1090.
LaTeX Font Info:    Font shape `OT1/ptm/bx/it' in size <10> not available
(Font)              Font shape `OT1/ptm/b/it' tried instead on input line 1090.

LaTeX Font Info:    Font shape `OT1/ptm/bx/n' in size <11> not available
(Font)              Font shape `OT1/ptm/b/n' tried instead on input line 1090.
LaTeX Font Info:    Font shape `OT1/ptm/bx/it' in size <11> not available
(Font)              Font shape `OT1/ptm/b/it' tried instead on input line 1090.

LaTeX Font Info:    Font shape `OT1/ptm/bx/n' in size <12> not available
(Font)              Font shape `OT1/ptm/b/n' tried instead on input line 1090.
LaTeX Font Info:    Font shape `OT1/ptm/bx/it' in size <12> not available
(Font)              Font shape `OT1/ptm/b/it' tried instead on input line 1090.

LaTeX Font Info:    Font shape `OT1/ptm/bx/n' in size <17> not available
(Font)              Font shape `OT1/ptm/b/n' tried instead on input line 1090.
LaTeX Font Info:    Font shape `OT1/ptm/bx/it' in size <17> not available
(Font)              Font shape `OT1/ptm/b/it' tried instead on input line 1090.

LaTeX Font Info:    Font shape `OT1/ptm/bx/n' in size <20> not available
(Font)              Font shape `OT1/ptm/b/n' tried instead on input line 1090.
LaTeX Font Info:    Font shape `OT1/ptm/bx/it' in size <20> not available
(Font)              Font shape `OT1/ptm/b/it' tried instead on input line 1090.

LaTeX Font Info:    Font shape `OT1/ptm/bx/n' in size <24> not available
(Font)              Font shape `OT1/ptm/b/n' tried instead on input line 1090.
LaTeX Font Info:    Font shape `OT1/ptm/bx/it' in size <24> not available
(Font)              Font shape `OT1/ptm/b/it' tried instead on input line 1090.

\IEEEquantizedlength=\dimen148
\IEEEquantizedlengthdiff=\dimen149
\IEEEquantizedtextheightdiff=\dimen150
\IEEEilabelindentA=\dimen151
\IEEEilabelindentB=\dimen152
\IEEEilabelindent=\dimen153
\IEEEelabelindent=\dimen154
\IEEEdlabelindent=\dimen155
\IEEElabelindent=\dimen156
\IEEEiednormlabelsep=\dimen157
\IEEEiedmathlabelsep=\dimen158
\IEEEiedtopsep=\skip49
\c@section=\count199
\c@subsection=\count266
\c@subsubsection=\count267
\c@paragraph=\count268
\c@IEEEsubequation=\count269
\abovecaptionskip=\skip50
\belowcaptionskip=\skip51
\c@figure=\count270
\c@table=\count271
\@IEEEeqnnumcols=\count272
\@IEEEeqncolcnt=\count273
\@IEEEsubeqnnumrollback=\count274
\@IEEEquantizeheightA=\dimen159
\@IEEEquantizeheightB=\dimen160
\@IEEEquantizeheightC=\dimen161
\@IEEEquantizeprevdepth=\dimen162
\@IEEEquantizemultiple=\count275
\@IEEEquantizeboxA=\box52
\@IEEEtmpitemindent=\dimen163
\IEEEPARstartletwidth=\dimen164
\c@IEEEbiography=\count276
\@IEEEtranrubishbin=\box53
) (/usr/local/texlive/2025/texmf-dist/tex/generic/iftex/ifpdf.sty
Package: ifpdf 2019/10/25 v3.4 ifpdf legacy package. Use iftex instead.

(/usr/local/texlive/2025/texmf-dist/tex/generic/iftex/iftex.sty
Package: iftex 2024/12/12 v1.0g TeX engine tests
))
(/usr/local/texlive/2025/texmf-dist/tex/latex/xkeyval/xkeyval.sty
Package: xkeyval 2022/06/16 v2.9 package option processing (HA)

(/usr/local/texlive/2025/texmf-dist/tex/generic/xkeyval/xkeyval.tex
(/usr/local/texlive/2025/texmf-dist/tex/generic/xkeyval/xkvutils.tex
\XKV@toks=\toks18
\XKV@tempa@toks=\toks19

(/usr/local/texlive/2025/texmf-dist/tex/generic/xkeyval/keyval.tex))
\XKV@depth=\count277
File: xkeyval.tex 2014/12/03 v2.7a key=value parser (HA)
)){/usr/local/texlive/2025/texmf-var/fonts/map/pdftex/updmap/pdftex.map}

pdfTeX warning: pdflatex (file t1-times.map): cannot open font map file


pdfTeX warning: pdflatex (file t1-formata.map): cannot open font map file


pdfTeX warning: pdflatex (file t1-giovannistd.map): cannot open font map file
\@draftversionrule=\dimen165
(/usr/local/texlive/2025/texmf-dist/tex/latex/graphics/color.sty
Package: color 2024/06/23 v1.3e Standard LaTeX Color (DPC)

(/usr/local/texlive/2025/texmf-dist/tex/latex/graphics-cfg/color.cfg
File: color.cfg 2016/01/02 v1.6 sample color configuration
)
Package color Info: Driver file: pdftex.def on input line 149.

(/usr/local/texlive/2025/texmf-dist/tex/latex/graphics-def/pdftex.def
File: pdftex.def 2024/04/13 v1.2c Graphics/color driver for pdftex
)
(/usr/local/texlive/2025/texmf-dist/tex/latex/graphics/mathcolor.ltx))
(/usr/local/texlive/2025/texmf-dist/tex/latex/spotcolor/spotcolor.sty
Package: spotcolor 2006/11/15 v1.2 Package for adding Spot Color support to pdf
LaTeX.

(/usr/local/texlive/2025/texmf-dist/tex/latex/graphics/graphics.sty
Package: graphics 2024/08/06 v1.4g Standard LaTeX Graphics (DPC,SPQR)

(/usr/local/texlive/2025/texmf-dist/tex/latex/graphics/trig.sty
Package: trig 2023/12/02 v1.11 sin cos tan (DPC)
)
(/usr/local/texlive/2025/texmf-dist/tex/latex/graphics-cfg/graphics.cfg
File: graphics.cfg 2016/06/04 v1.11 sample graphics configuration
)
Package graphics Info: Driver file: pdftex.def on input line 106.
)
\thecolorprofile=\count278
\thecolor=\count279
)
\PANTONE=\toks20
Package color Info: Redefining color black on input line 134.
\figbox=\box54
\titlewidth=\skip52
\abstractwidth=\skip53
\c@addrCtr=\count280
\abstractbox=\box55
\indexbox=\box56
\absht=\dimen166
\kwdht=\dimen167
\@tempcntc=\count281
\titlepgskip=\skip54
\maketitlebox=\box57
)
(/usr/local/texlive/2025/texmf-dist/tex/latex/base/inputenc.sty
Package: inputenc 2024/02/08 v1.3d Input encoding file
\inpenc@prehook=\toks21
\inpenc@posthook=\toks22
)
(/usr/local/texlive/2025/texmf-dist/tex/latex/amsmath/amsmath.sty
Package: amsmath 2024/11/05 v2.17t AMS math features
\@mathmargin=\skip55

For additional information on amsmath, use the `?' option.
(/usr/local/texlive/2025/texmf-dist/tex/latex/amsmath/amstext.sty
Package: amstext 2021/08/26 v2.01 AMS text

(/usr/local/texlive/2025/texmf-dist/tex/latex/amsmath/amsgen.sty
File: amsgen.sty 1999/11/30 v2.0 generic functions
\@emptytoks=\toks23
\ex@=\dimen168
))
(/usr/local/texlive/2025/texmf-dist/tex/latex/amsmath/amsbsy.sty
Package: amsbsy 1999/11/29 v1.2d Bold Symbols
\pmbraise@=\dimen169
)
(/usr/local/texlive/2025/texmf-dist/tex/latex/amsmath/amsopn.sty
Package: amsopn 2022/04/08 v2.04 operator names
)
\inf@bad=\count282
LaTeX Info: Redefining \frac on input line 233.
\uproot@=\count283
\leftroot@=\count284
LaTeX Info: Redefining \overline on input line 398.
LaTeX Info: Redefining \colon on input line 409.
\classnum@=\count285
\DOTSCASE@=\count286
LaTeX Info: Redefining \ldots on input line 495.
LaTeX Info: Redefining \dots on input line 498.
LaTeX Info: Redefining \cdots on input line 619.
\Mathstrutbox@=\box58
\strutbox@=\box59
LaTeX Info: Redefining \big on input line 721.
LaTeX Info: Redefining \Big on input line 722.
LaTeX Info: Redefining \bigg on input line 723.
LaTeX Info: Redefining \Bigg on input line 724.
\big@size=\dimen170
LaTeX Font Info:    Redeclaring font encoding OML on input line 742.
LaTeX Font Info:    Redeclaring font encoding OMS on input line 743.
\macc@depth=\count287
LaTeX Info: Redefining \bmod on input line 904.
LaTeX Info: Redefining \pmod on input line 909.
LaTeX Info: Redefining \smash on input line 939.
LaTeX Info: Redefining \relbar on input line 969.
LaTeX Info: Redefining \Relbar on input line 970.
\c@MaxMatrixCols=\count288
\dotsspace@=\muskip17
\c@parentequation=\count289
\dspbrk@lvl=\count290
\tag@help=\toks24
\row@=\count291
\column@=\count292
\maxfields@=\count293
\andhelp@=\toks25
\eqnshift@=\dimen171
\alignsep@=\dimen172
\tagshift@=\dimen173
\tagwidth@=\dimen174
\totwidth@=\dimen175
\lineht@=\dimen176
\@envbody=\toks26
\multlinegap=\skip56
\multlinetaggap=\skip57
\mathdisplay@stack=\toks27
LaTeX Info: Redefining \[ on input line 2953.
LaTeX Info: Redefining \] on input line 2954.
)
(/usr/local/texlive/2025/texmf-dist/tex/latex/amsfonts/amssymb.sty
Package: amssymb 2013/01/14 v3.01 AMS font symbols

(/usr/local/texlive/2025/texmf-dist/tex/latex/amsfonts/amsfonts.sty
Package: amsfonts 2013/01/14 v3.01 Basic AMSFonts support
\symAMSa=\mathgroup4
\symAMSb=\mathgroup5
LaTeX Font Info:    Redeclaring math symbol \hbar on input line 98.
LaTeX Font Info:    Overwriting math alphabet `\mathfrak' in version `bold'
(Font)                  U/euf/m/n --> U/euf/b/n on input line 106.
))
(/usr/local/texlive/2025/texmf-dist/tex/latex/amscls/amsthm.sty
Package: amsthm 2020/05/29 v2.20.6
\thm@style=\toks28
\thm@bodyfont=\toks29
\thm@headfont=\toks30
\thm@notefont=\toks31
\thm@headpunct=\toks32
\thm@preskip=\skip58
\thm@postskip=\skip59
\thm@headsep=\skip60
\dth@everypar=\toks33
)
(/usr/local/texlive/2025/texmf-dist/tex/latex/graphics/graphicx.sty
Package: graphicx 2021/09/16 v1.2d Enhanced LaTeX Graphics (DPC,SPQR)
\Gin@req@height=\dimen177
\Gin@req@width=\dimen178
)
(/usr/local/texlive/2025/texmf-dist/tex/latex/multirow/multirow.sty
Package: multirow 2024/11/12 v2.9 Span multiple rows of a table
\multirow@colwidth=\skip61
\multirow@cntb=\count294
\multirow@dima=\skip62
\bigstrutjot=\dimen179
)
(/usr/local/texlive/2025/texmf-dist/tex/latex/cite/cite.sty
LaTeX Info: Redefining \cite on input line 302.
LaTeX Info: Redefining \nocite on input line 332.
Package: cite 2015/02/27  v 5.5
)
(/usr/local/texlive/2025/texmf-dist/tex/latex/base/textcomp.sty
Package: textcomp 2024/04/24 v2.1b Standard LaTeX package
)
(/usr/local/texlive/2025/texmf-dist/tex/latex/tools/array.sty
Package: array 2024/10/17 v2.6g Tabular extension package (FMi)
\col@sep=\dimen180
\ar@mcellbox=\box60
\extrarowheight=\dimen181
\NC@list=\toks34
\extratabsurround=\skip63
\backup@length=\skip64
\ar@cellbox=\box61
)
(/usr/local/texlive/2025/texmf-dist/tex/latex/algorithms/algorithm.sty
Package: algorithm 2009/08/24 v0.1 Document Style `algorithm' - floating enviro
nment

(/usr/local/texlive/2025/texmf-dist/tex/latex/float/float.sty
Package: float 2001/11/08 v1.3d Float enhancements (AL)
\c@float@type=\count295
\float@exts=\toks35
\float@box=\box62
\@float@everytoks=\toks36
\@floatcapt=\box63
)
(/usr/local/texlive/2025/texmf-dist/tex/latex/base/ifthen.sty
Package: ifthen 2024/03/16 v1.1e Standard LaTeX ifthen package (DPC)
)
\@float@every@algorithm=\toks37
\c@algorithm=\count296
)
(/usr/local/texlive/2025/texmf-dist/tex/latex/algorithmicx/algpseudocode.sty
Package: algpseudocode 

(/usr/local/texlive/2025/texmf-dist/tex/latex/algorithmicx/algorithmicx.sty
Package: algorithmicx 2005/04/27 v1.2 Algorithmicx

Document Style algorithmicx 1.2 - a greatly improved `algorithmic' style
\c@ALG@line=\count297
\c@ALG@rem=\count298
\c@ALG@nested=\count299
\ALG@tlm=\skip65
\ALG@thistlm=\skip66
\c@ALG@Lnr=\count300
\c@ALG@blocknr=\count301
\c@ALG@storecount=\count302
\c@ALG@tmpcounter=\count303
\ALG@tmplength=\skip67
)
Document Style - pseudocode environments for use with the `algorithmicx' style
) (/usr/local/texlive/2025/texmf-dist/tex/latex/url/url.sty
\Urlmuskip=\muskip18
Package: url 2013/09/16  ver 3.4  Verb mode for urls, etc.
)
\c@proposition=\count304
\c@corollary=\count305

(/usr/local/texlive/2025/texmf-dist/tex/latex/l3backend/l3backend-pdftex.def
File: l3backend-pdftex.def 2024-05-08 L3 backend support: PDF output (pdfTeX)
\l__color_backend_stack_int=\count306
\l__pdf_internal_box=\box64
)
(./T-RKG_IEEE_Access_v3_final.aux)
\openout1 = `T-RKG_IEEE_Access_v3_final.aux'.

LaTeX Font Info:    Checking defaults for OML/cmm/m/it on input line 36.
LaTeX Font Info:    ... okay on input line 36.
LaTeX Font Info:    Checking defaults for OMS/cmsy/m/n on input line 36.
LaTeX Font Info:    ... okay on input line 36.
LaTeX Font Info:    Checking defaults for OT1/cmr/m/n on input line 36.
LaTeX Font Info:    ... okay on input line 36.
LaTeX Font Info:    Checking defaults for T1/cmr/m/n on input line 36.
LaTeX Font Info:    ... okay on input line 36.
LaTeX Font Info:    Checking defaults for TS1/cmr/m/n on input line 36.
LaTeX Font Info:    ... okay on input line 36.
LaTeX Font Info:    Checking defaults for OMX/cmex/m/n on input line 36.
LaTeX Font Info:    ... okay on input line 36.
LaTeX Font Info:    Checking defaults for U/cmr/m/n on input line 36.
LaTeX Font Info:    ... okay on input line 36.

-- Lines per column: 56 (exact).
LaTeX Font Info:    Trying to load font information for T1+ptm on input line 36
.
(/usr/local/texlive/2025/texmf-dist/tex/latex/psnfss/t1ptm.fd
File: t1ptm.fd 2001/06/04 font definitions for T1/ptm.
)

LaTeX Font Warning: Font shape `T1/ptm/n/n' undefined
(Font)              using `T1/ptm/m/n' instead on input line 36.

(/usr/local/texlive/2025/texmf-dist/tex/context/base/mkii/supp-pdf.mkii
[Loading MPS to PDF converter (version 2006.09.02).]
\scratchcounter=\count307
\scratchdimen=\dimen182
\scratchbox=\box65
\nofMPsegments=\count308
\nofMParguments=\count309
\everyMPshowfont=\toks38
\MPscratchCnt=\count310
\MPscratchDim=\dimen183
\MPnumerator=\count311
\makeMPintoPDFobject=\count312
\everyMPtoPDFconversion=\toks39
) (/usr/local/texlive/2025/texmf-dist/tex/latex/epstopdf-pkg/epstopdf-base.sty
Package: epstopdf-base 2020-01-24 v2.11 Base part for package epstopdf
Package epstopdf-base Info: Redefining graphics rule for `.eps' on input line 4
85.

(/usr/local/texlive/2025/texmf-dist/tex/latex/latexconfig/epstopdf-sys.cfg
File: epstopdf-sys.cfg 2010/07/13 v1.3 Configuration of (r)epstopdf for TeX Liv
e
))
<bullet.png, id=3, 1.00375pt x 1.00375pt>
File: bullet.png Graphic file (type png)
<use bullet.png>
Package pdftex.def Info: bullet.png  used on input line 43.
(pdftex.def)             Requested size: 5.0pt x 5.00157pt.
LaTeX Font Info:    Trying to load font information for T1+phv on input line 43
.

(/usr/local/texlive/2025/texmf-dist/tex/latex/psnfss/t1phv.fd
File: t1phv.fd 2020/03/25 scalable font definitions for T1/phv.
)

LaTeX Font Warning: Font shape `T1/phv/n/n' undefined
(Font)              using `T1/phv/m/n' instead on input line 43.

LaTeX Font Info:    Trying to load font information for U+msa on input line 48.

(/usr/local/texlive/2025/texmf-dist/tex/latex/amsfonts/umsa.fd
File: umsa.fd 2013/01/14 v3.01 AMS symbols A
)
LaTeX Font Info:    Trying to load font information for U+msb on input line 48.


(/usr/local/texlive/2025/texmf-dist/tex/latex/amsfonts/umsb.fd
File: umsb.fd 2013/01/14 v3.01 AMS symbols B
)
File: bullet.png Graphic file (type png)
<use bullet.png>
Package pdftex.def Info: bullet.png  used on input line 51.
(pdftex.def)             Requested size: 5.0pt x 5.00157pt.
LaTeX Font Info:    Calculating math sizes for size <9.9> on input line 55.

! Undefined control sequence.
\@author ...hore Pulagam}\authorrefmark {1}\orcid 
                                                  {0009-0006-7929-8699}
l.55 \maketitle
               
The control sequence at the end of the top line
of your error message was never \def'ed. If you have
misspelled it (e.g., `\hobx'), type `I' and the correct
spelling (e.g., `I\hbox'). Otherwise just continue,
and I'll forget about whatever was undefined.

LaTeX Font Info:    Calculating math sizes for size <6.6> on input line 55.

Overfull \hbox (9.2679pt too wide) in paragraph at lines 55--55
[]  
 []


Overfull \hbox (9.2679pt too wide) in paragraph at lines 55--55
[]  
 []




Underfull \vbox (badness 10000) has occurred while \output is active []



<Logo.png, id=5, 1.00375pt x 1.00375pt>
File: Logo.png Graphic file (type png)
<use Logo.png>
Package pdftex.def Info: Logo.png  used on input line 60.
(pdftex.def)             Requested size: 91.32pt x 91.66139pt.

Overfull \hbox (505.12177pt too wide) has occurred while \output is active
[]
 []


Overfull \hbox (505.12177pt too wide) has occurred while \output is active
[]
 []


Overfull \hbox (505.12177pt too wide) has occurred while \output is active
[]
 []


Underfull \hbox (badness 10000) has occurred while \output is active
[]
 []

[1{/usr/local/texlive/2025/texmf-dist/fonts/enc/dvips/base/8r.enc}


 <./Logo.png> <./bullet.png>]
Underfull \hbox (badness 1472) in paragraph at lines 63--64
[]\T1/ptm/n/n/10 Regulatory frag-men-ta-tion com-pounds the prob-lem. A
 []


Underfull \hbox (badness 1490) in paragraph at lines 65--66
[]\T1/ptm/n/n/10 A third ob-ser-va-tion mo-ti-vates the work. Com-mer-cial
 []




Underfull \hbox (badness 7814) in paragraph at lines 71--72
\T1/ptm/n/n/10 T-RKG (Tem-po-ral Records Knowl-edge Graph) is a
 []

LaTeX Font Info:    Trying to load font information for T1+pcr on input line 78
.
(/usr/local/texlive/2025/texmf-dist/tex/latex/psnfss/t1pcr.fd
File: t1pcr.fd 2001/06/04 font definitions for T1/pcr.
)

LaTeX Font Warning: Font shape `T1/pcr/n/n' undefined
(Font)              using `T1/pcr/m/n' instead on input line 78.


Overfull \hbox (44.11563pt too wide) in paragraph at lines 78--79
\T1/ptm/n/n/10 re-ported num-bers via \T1/pcr/m/n/10 python -m experiments.run_
all\T1/ptm/n/n/10 ;
 []


Underfull \vbox (badness 10000) has occurred while \output is active []



<notaglineLogo.png, id=20, 1.00375pt x 1.00375pt>
File: notaglineLogo.png Graphic file (type png)
<use notaglineLogo.png>
Package pdftex.def Info: notaglineLogo.png  used on input line 86.
(pdftex.def)             Requested size: 91.32pt x 91.66139pt.

Overfull \hbox (505.12177pt too wide) has occurred while \output is active
[]
 []


Overfull \hbox (505.12177pt too wide) has occurred while \output is active
[]
 []


Underfull \hbox (badness 10000) has occurred while \output is active
[]
 []

[2 <./notaglineLogo.png>]
Underfull \hbox (badness 1735) in paragraph at lines 87--88
\T1/ptm/n/n/10 prob-lem. Legal-RuleML [5] is an XML vo-cab-u-lary for
 []


Underfull \hbox (badness 1688) in paragraph at lines 87--88
\T1/ptm/n/n/10 is closer to T-RKG's scope but op-er-ates at the doc-u-
 []





File: notaglineLogo.png Graphic file (type png)
<use notaglineLogo.png>
Package pdftex.def Info: notaglineLogo.png  used on input line 108.
(pdftex.def)             Requested size: 91.32pt x 91.66139pt.

Overfull \hbox (505.12177pt too wide) has occurred while \output is active
[]
 []


Overfull \hbox (505.12177pt too wide) has occurred while \output is active
[]
 []


Underfull \hbox (badness 10000) has occurred while \output is active
[]
 []

[3]
Overfull \hbox (8.08684pt too wide) in paragraph at lines 118--138
 [][] 
 []


Underfull \hbox (badness 1616) in paragraph at lines 150--151
\T1/ptm/n/n/10 ca-pa-bil-i-ties: knowl-edge uni-fi-ca-tion across het-ero-ge-ne
ous
 []




Underfull \hbox (badness 6220) in paragraph at lines 173--174
\T1/pcr/n/n/10 MedicalRecord\T1/ptm/n/n/10 , \T1/pcr/n/n/10 Spreadsheet\T1/ptm/
n/n/10 ), \T1/pcr/n/n/10 Chat\T1/ptm/n/n/10 , \T1/pcr/n/n/10 Ticket\T1/ptm/n/n/
10 ,
 []


Overfull \hbox (27.4762pt too wide) in paragraph at lines 173--174
\T1/pcr/n/n/10 Contract\T1/ptm/n/n/10 , and \T1/pcr/n/n/10 FinancialRecord \T1/
ptm/n/n/10 (with \T1/pcr/n/n/10 AuditWorkpaper\T1/ptm/n/n/10 ,
 []


Underfull \hbox (badness 2229) in paragraph at lines 173--174
\T1/pcr/n/n/10 Invoice\T1/ptm/n/n/10 , \T1/pcr/n/n/10 TaxRecord\T1/ptm/n/n/10 )
. Type gran-u-lar-ity mat-ters for
 []


Underfull \hbox (badness 6173) in paragraph at lines 173--174
\T1/ptm/n/n/10 ap-pli-ca-bil-ity rea-son-ing. SOX Sec-tion 802 ap-plies to
 []



File: notaglineLogo.png Graphic file (type png)
<use notaglineLogo.png>
Package pdftex.def Info: notaglineLogo.png  used on input line 174.
(pdftex.def)             Requested size: 91.32pt x 91.66139pt.

Overfull \hbox (505.12177pt too wide) has occurred while \output is active
[]
 []


Overfull \hbox (505.12177pt too wide) has occurred while \output is active
[]
 []


Underfull \hbox (badness 10000) has occurred while \output is active
[]
 []

[4]
Underfull \hbox (badness 10000) in paragraph at lines 177--178
\T1/ptm/n/n/10 Inter-record re-la-tion-ships are rep-re-sented as rei-fied
 []


Underfull \hbox (badness 10000) in paragraph at lines 177--178
\T1/ptm/n/n/10 typed classes, not as bare edges. The five con-
 []


Underfull \hbox (badness 10000) in paragraph at lines 177--178
\T1/ptm/n/n/10 crete sub-classes are \T1/pcr/n/n/10 AttachmentRelationship\T1/p
tm/n/n/10 ,
 []


Overfull \hbox (4.22647pt too wide) in paragraph at lines 177--178
\T1/pcr/n/n/10 ThreadRelationship\T1/ptm/n/n/10 , \T1/pcr/n/n/10 DerivationRela
tionship\T1/ptm/n/n/10 ,
 []


Overfull \hbox (32.56644pt too wide) in paragraph at lines 177--178
\T1/pcr/n/n/10 ReferenceRelationship\T1/ptm/n/n/10 , and \T1/pcr/n/n/10 Duplica
teRelationship\T1/ptm/n/n/10 .
 []


Underfull \hbox (badness 7030) in paragraph at lines 177--178
\T1/ptm/n/n/10 Two prop-er-ties on each re-la-tion-ship class are read
 []


Underfull \hbox (badness 2529) in paragraph at lines 177--178
\T1/ptm/n/n/10 dur-ing prop-a-ga-tion: \T1/pcr/n/n/10 propagatesHold \T1/ptm/n/
n/10 (Boolean) and
 []


Underfull \hbox (badness 8019) in paragraph at lines 177--178
\T1/pcr/n/n/10 strengthLevel \T1/ptm/n/n/10 (or-di-nal). At-tach-ment re-la-tio
n-ships,
 []


Overfull \hbox (45.32484pt too wide) in paragraph at lines 177--178
\T1/ptm/n/n/10 which ex-press con-tent de-pen-dency, de-fault to \T1/pcr/n/n/10
 propagatesHold\T1/ptm/n/n/10 =true;
 []


Overfull \hbox (11.64601pt too wide) in paragraph at lines 181--182
\T1/ptm/n/n/10 FINRA), \T1/pcr/n/n/10 HealthRegulation \T1/ptm/n/n/10 (HIPAA), 
\T1/pcr/n/n/10 TaxRegulation
 []




Overfull \hbox (6.40085pt too wide) detected at line 203
[]
 []


Underfull \hbox (badness 10000) in paragraph at lines 203--205
\T1/ptm/n/n/10 In the syn-thetic gen-er-a-tor (\T1/pcr/n/n/10 trkg/synthetic.py
\T1/ptm/n/n/10 ),
 []


Underfull \hbox (badness 2401) in paragraph at lines 203--205
\T1/ptm/n/n/10 each mat-ter's two flags are sam-pled in-de-pen-dently as
 []

<figures/figure1_architecture.png, id=41, 567.11874pt x 390.45876pt>
File: figures/figure1_architecture.png Graphic file (type png)
<use figures/figure1_architecture.png>
Package pdftex.def Info: figures/figure1_architecture.png  used on input line 2
19.
(pdftex.def)             Requested size: 242.67355pt x 167.07774pt.
! Undefined control sequence.
\@makecaption ...capfont #2\strut }\ifdim \xfigwd 
                                                  >\columnwidth \setbox \@te...
l.220 ... chaining answers point-in-time queries.}
                                                  
The control sequence at the end of the top line
of your error message was never \def'ed. If you have
misspelled it (e.g., `\hobx'), type `I' and the correct
spelling (e.g., `I\hbox'). Otherwise just continue,
and I'll forget about whatever was undefined.

! Missing number, treated as zero.
<to be read again> 
                   >
l.220 ... chaining answers point-in-time queries.}
                                                  
A number should have been here; I inserted `0'.
(If you can't figure out why I needed to see a number,
look up `weird error' in the index to The TeXbook.)

! Illegal unit of measure (pt inserted).
<to be read again> 
                   >
l.220 ... chaining answers point-in-time queries.}
                                                  
Dimensions can be in units of em, ex, in, pt, pc,
cm, mm, dd, cc, nd, nc, bp, or sp; but yours is a new one!
I'll assume that you meant to say pt, for printer's points.
To recover gracefully from this error, it's best to
delete the erroneous units; e.g., type `2' to delete
two letters. (See Chapter 27 of The TeXbook.)


LaTeX Font Warning: Font shape `T1/ptm/n/sc' undefined
(Font)              using `T1/ptm/n/n' instead on input line 226.



File: notaglineLogo.png Graphic file (type png)
<use notaglineLogo.png>
Package pdftex.def Info: notaglineLogo.png  used on input line 227.
(pdftex.def)             Requested size: 91.32pt x 91.66139pt.

Overfull \hbox (505.12177pt too wide) has occurred while \output is active
[]
 []


Overfull \hbox (505.12177pt too wide) has occurred while \output is active
[]
 []


Underfull \hbox (badness 10000) has occurred while \output is active
[]
 []

[5]
Underfull \vbox (badness 5667) has occurred while \output is active []




Underfull \hbox (badness 10000) in paragraph at lines 269--270
[] \T1/ptm/n/sc/10 Con-flicts $\OMS/cmsy/m/n/10  $ \T1/ptm/n/sc/10 Con-flicts
 []


Underfull \hbox (badness 10000) in paragraph at lines 279--280
\T1/pcr/n/n/10 seed=42).records['fin_00112']\T1/ptm/n/sc/10 ). The de-tec-
 []


Underfull \hbox (badness 4779) in paragraph at lines 279--280
\T1/ptm/n/sc/10 tor ex-e-cutes four steps. Step 1 (Ax-iom 1, ju-ris-dic-
 []


Underfull \hbox (badness 6510) in paragraph at lines 279--280
\T1/ptm/n/sc/10 tion sub-sump-tion): the record's an-ces-tor ju-ris-dic-tions
 []


Underfull \hbox (badness 1603) in paragraph at lines 279--280
\T1/ptm/n/sc/10 are $\OMS/cmsy/m/n/10 f[]g$\T1/ptm/n/sc/10 . Each reg-u-la-tion
 pro-file's
 []


Underfull \hbox (badness 1400) in paragraph at lines 279--280
\T1/ptm/n/sc/10 SOX) $\OMS/cmsy/m/n/10 !$ \T1/ptm/n/sc/10 Re-ten-tion-Dele-tion
 CRIT-I-CAL; (GDPR, HGB)
 []


Underfull \hbox (badness 2443) in paragraph at lines 279--280
\OMS/cmsy/m/n/10 !$ \T1/ptm/n/sc/10 Re-ten-tion-Dele-tion HIGH; (SOX, HGB) $\OM
S/cmsy/m/n/10 !$ \T1/ptm/n/sc/10 Pri-or-ity
 []



File: notaglineLogo.png Graphic file (type png)
<use notaglineLogo.png>
Package pdftex.def Info: notaglineLogo.png  used on input line 282.
(pdftex.def)             Requested size: 91.32pt x 91.66139pt.

Overfull \hbox (505.12177pt too wide) has occurred while \output is active
[]
 []


Overfull \hbox (505.12177pt too wide) has occurred while \output is active
[]
 []


Underfull \hbox (badness 10000) has occurred while \output is active
[]
 []

[6 <./figures/figure1_architecture.png>]

LaTeX Font Warning: Font shape `T1/ptm/m/scit' undefined
(Font)              using `T1/ptm/m/sc' instead on input line 300.




Underfull \hbox (badness 3492) in paragraph at lines 321--322
\T1/ptm/n/sc/10 The pro-to-type is im-ple-mented in Python, us-ing Net-
 []


Underfull \hbox (badness 1596) in paragraph at lines 325--326
\T1/ptm/n/sc/10 (ii) ju-ris-dic-tional scope, re-solved against the hi-er-ar-ch
y;
 []



File: notaglineLogo.png Graphic file (type png)
<use notaglineLogo.png>
Package pdftex.def Info: notaglineLogo.png  used on input line 332.
(pdftex.def)             Requested size: 91.32pt x 91.66139pt.

Overfull \hbox (505.12177pt too wide) has occurred while \output is active
[]
 []


Overfull \hbox (505.12177pt too wide) has occurred while \output is active
[]
 []


Underfull \hbox (badness 10000) has occurred while \output is active
[]
 []

[7]
Underfull \hbox (badness 3088) in paragraph at lines 337--338
[]\T1/ptm/m/it/10 SHACL Core base-line. \T1/ptm/n/sc/10 A fourth ca-pa-bil-ity 
base-line
 []


LaTeX Font Warning: Font shape `T1/ptm/n/it' undefined
(Font)              using `T1/ptm/n/n' instead on input line 339.


Underfull \hbox (badness 1472) in paragraph at lines 339--340
[]\T1/ptm/n/it/10 Four rule fam-i-lies fall out-side that ceil-ing, each for
 []


Underfull \hbox (badness 4205) in paragraph at lines 344--345
\T1/ptm/n/it/10 ŸVII-B re-ports per-record ap-pli-ca-bil-ity F1 against an
 []





File: notaglineLogo.png Graphic file (type png)
<use notaglineLogo.png>
Package pdftex.def Info: notaglineLogo.png  used on input line 358.
(pdftex.def)             Requested size: 91.32pt x 91.66139pt.

Overfull \hbox (505.12177pt too wide) has occurred while \output is active
[]
 []


Overfull \hbox (505.12177pt too wide) has occurred while \output is active
[]
 []


Underfull \hbox (badness 10000) has occurred while \output is active
[]
 []

[8]
<figures/fig5_f1_clean_vs_noise.png, id=58, 281.853pt x 176.0979pt>
File: figures/fig5_f1_clean_vs_noise.png Graphic file (type png)
<use figures/fig5_f1_clean_vs_noise.png>
Package pdftex.def Info: figures/fig5_f1_clean_vs_noise.png  used on input line
 392.
(pdftex.def)             Requested size: 242.67355pt x 151.62128pt.

! Undefined control sequence.
\@makecaption ...capfont #2\strut }\ifdim \xfigwd 
                                                  >\columnwidth \setbox \@te...
l.393 ...r bars are $\pm \sigma$ across 10 seeds.}
                                                  
The control sequence at the end of the top line
of your error message was never \def'ed. If you have
misspelled it (e.g., `\hobx'), type `I' and the correct
spelling (e.g., `I\hbox'). Otherwise just continue,
and I'll forget about whatever was undefined.

! Missing number, treated as zero.
<to be read again> 
                   >
l.393 ...r bars are $\pm \sigma$ across 10 seeds.}
                                                  
A number should have been here; I inserted `0'.
(If you can't figure out why I needed to see a number,
look up `weird error' in the index to The TeXbook.)

! Illegal unit of measure (pt inserted).
<to be read again> 
                   >
l.393 ...r bars are $\pm \sigma$ across 10 seeds.}
                                                  
Dimensions can be in units of em, ex, in, pt, pc,
cm, mm, dd, cc, nd, nc, bp, or sp; but yours is a new one!
I'll assume that you meant to say pt, for printer's points.
To recover gracefully from this error, it's best to
delete the erroneous units; e.g., type `2' to delete
two letters. (See Chapter 27 of The TeXbook.)



<figures/fig_noise_sweep.png, id=59, 247.8861pt x 182.6022pt>
File: figures/fig_noise_sweep.png Graphic file (type png)
<use figures/fig_noise_sweep.png>
Package pdftex.def Info: figures/fig_noise_sweep.png  used on input line 403.
(pdftex.def)             Requested size: 242.67355pt x 178.7678pt.
! Undefined control sequence.
\@makecaption ...capfont #2\strut }\ifdim \xfigwd 
                                                  >\columnwidth \setbox \@te...
l.404 ...tion~4 ceiling regardless of noise rate.}
                                                  
The control sequence at the end of the top line
of your error message was never \def'ed. If you have
misspelled it (e.g., `\hobx'), type `I' and the correct
spelling (e.g., `I\hbox'). Otherwise just continue,
and I'll forget about whatever was undefined.

! Missing number, treated as zero.
<to be read again> 
                   >
l.404 ...tion~4 ceiling regardless of noise rate.}
                                                  
A number should have been here; I inserted `0'.
(If you can't figure out why I needed to see a number,
look up `weird error' in the index to The TeXbook.)

! Illegal unit of measure (pt inserted).
<to be read again> 
                   >
l.404 ...tion~4 ceiling regardless of noise rate.}
                                                  
Dimensions can be in units of em, ex, in, pt, pc,
cm, mm, dd, cc, nd, nc, bp, or sp; but yours is a new one!
I'll assume that you meant to say pt, for printer's points.
To recover gracefully from this error, it's best to
delete the erroneous units; e.g., type `2' to delete
two letters. (See Chapter 27 of The TeXbook.)



File: notaglineLogo.png Graphic file (type png)
<use notaglineLogo.png>
Package pdftex.def Info: notaglineLogo.png  used on input line 409.
(pdftex.def)             Requested size: 91.32pt x 91.66139pt.

Overfull \hbox (505.12177pt too wide) has occurred while \output is active
[]
 []


Overfull \hbox (505.12177pt too wide) has occurred while \output is active
[]
 []


Underfull \hbox (badness 10000) has occurred while \output is active
[]
 []

[9 <./figures/fig5_f1_clean_vs_noise.png> <./figures/fig_noise_sweep.png>]
Underfull \hbox (badness 3281) in paragraph at lines 410--411
[]\T1/ptm/n/it/10 The i.i.d. per-attribute flip model does not cap-ture
 []


Underfull \hbox (badness 2653) in paragraph at lines 410--411
\T1/ptm/n/it/10 all modes of real source-system cor-rup-tion --- bi-ased
 []


Underfull \hbox (badness 2005) in paragraph at lines 410--411
\T1/ptm/n/it/10 miss-ing-ness, ju-ris-dic-tional con-fu-sion con-cen-trated alo
ng
 []


Overfull \hbox (15.29721pt too wide) in paragraph at lines 421--433
 [][] 
 []



<figures/fig2_conflicts_vs_scale.png, id=68, 279.9258pt x 178.266pt>
File: figures/fig2_conflicts_vs_scale.png Graphic file (type png)
<use figures/fig2_conflicts_vs_scale.png>
Package pdftex.def Info: figures/fig2_conflicts_vs_scale.png  used on input lin
e 476.
(pdftex.def)             Requested size: 242.67355pt x 154.54341pt.
! Undefined control sequence.
\@makecaption ...capfont #2\strut }\ifdim \xfigwd 
                                                  >\columnwidth \setbox \@te...
l.477 ...ords subject to two or more regulations.}
                                                  
The control sequence at the end of the top line
of your error message was never \def'ed. If you have
misspelled it (e.g., `\hobx'), type `I' and the correct
spelling (e.g., `I\hbox'). Otherwise just continue,
and I'll forget about whatever was undefined.

! Missing number, treated as zero.
<to be read again> 
                   >
l.477 ...ords subject to two or more regulations.}
                                                  
A number should have been here; I inserted `0'.
(If you can't figure out why I needed to see a number,
look up `weird error' in the index to The TeXbook.)

! Illegal unit of measure (pt inserted).
<to be read again> 
                   >
l.477 ...ords subject to two or more regulations.}
                                                  
Dimensions can be in units of em, ex, in, pt, pc,
cm, mm, dd, cc, nd, nc, bp, or sp; but yours is a new one!
I'll assume that you meant to say pt, for printer's points.
To recover gracefully from this error, it's best to
delete the erroneous units; e.g., type `2' to delete
two letters. (See Chapter 27 of The TeXbook.)

<figures/fig3_cross_domain_bars.png, id=69, 265.2309pt x 168.1482pt>
File: figures/fig3_cross_domain_bars.png Graphic file (type png)
<use figures/fig3_cross_domain_bars.png>
Package pdftex.def Info: figures/fig3_cross_domain_bars.png  used on input line
 483.
(pdftex.def)             Requested size: 242.67355pt x 153.85406pt.
! Undefined control sequence.
\@makecaption ...capfont #2\strut }\ifdim \xfigwd 
                                                  >\columnwidth \setbox \@te...
l.484 ...only. Baselines return 0 by Corollary~1.}
                                                  
The control sequence at the end of the top line
of your error message was never \def'ed. If you have
misspelled it (e.g., `\hobx'), type `I' and the correct
spelling (e.g., `I\hbox'). Otherwise just continue,
and I'll forget about whatever was undefined.

! Missing number, treated as zero.
<to be read again> 
                   >
l.484 ...only. Baselines return 0 by Corollary~1.}
                                                  
A number should have been here; I inserted `0'.
(If you can't figure out why I needed to see a number,
look up `weird error' in the index to The TeXbook.)

! Illegal unit of measure (pt inserted).
<to be read again> 
                   >
l.484 ...only. Baselines return 0 by Corollary~1.}
                                                  
Dimensions can be in units of em, ex, in, pt, pc,
cm, mm, dd, cc, nd, nc, bp, or sp; but yours is a new one!
I'll assume that you meant to say pt, for printer's points.
To recover gracefully from this error, it's best to
delete the erroneous units; e.g., type `2' to delete
two letters. (See Chapter 27 of The TeXbook.)



File: notaglineLogo.png Graphic file (type png)
<use notaglineLogo.png>
Package pdftex.def Info: notaglineLogo.png  used on input line 509.
(pdftex.def)             Requested size: 91.32pt x 91.66139pt.

Overfull \hbox (505.12177pt too wide) has occurred while \output is active
[]
 []


Overfull \hbox (505.12177pt too wide) has occurred while \output is active
[]
 []


Underfull \hbox (badness 10000) has occurred while \output is active
[]
 []

[10 <./figures/fig2_conflicts_vs_scale.png>]

<figures/fig8_propagation_policies.png, id=74, 263.0628pt x 176.0979pt>
File: figures/fig8_propagation_policies.png Graphic file (type png)
<use figures/fig8_propagation_policies.png>
Package pdftex.def Info: figures/fig8_propagation_policies.png  used on input l
ine 537.
(pdftex.def)             Requested size: 242.67355pt x 162.45808pt.
! Undefined control sequence.
\@makecaption ...capfont #2\strut }\ifdim \xfigwd 
                                                  >\columnwidth \setbox \@te...
l.538 ...per-record relationship-type provenance.}
                                                  
The control sequence at the end of the top line
of your error message was never \def'ed. If you have
misspelled it (e.g., `\hobx'), type `I' and the correct
spelling (e.g., `I\hbox'). Otherwise just continue,
and I'll forget about whatever was undefined.

! Missing number, treated as zero.
<to be read again> 
                   >
l.538 ...per-record relationship-type provenance.}
                                                  
A number should have been here; I inserted `0'.
(If you can't figure out why I needed to see a number,
look up `weird error' in the index to The TeXbook.)

! Illegal unit of measure (pt inserted).
<to be read again> 
                   >
l.538 ...per-record relationship-type provenance.}
                                                  
Dimensions can be in units of em, ex, in, pt, pc,
cm, mm, dd, cc, nd, nc, bp, or sp; but yours is a new one!
I'll assume that you meant to say pt, for printer's points.
To recover gracefully from this error, it's best to
delete the erroneous units; e.g., type `2' to delete
two letters. (See Chapter 27 of The TeXbook.)


Overfull \hbox (20.81711pt too wide) in paragraph at lines 549--561
 [][] 
 []

<figures/fig4_scalability.png, id=75, 247.1634pt x 172.4844pt>
File: figures/fig4_scalability.png Graphic file (type png)
<use figures/fig4_scalability.png>
Package pdftex.def Info: figures/fig4_scalability.png  used on input line 565.
(pdftex.def)             Requested size: 242.67355pt x 169.35464pt.
! Undefined control sequence.
\@makecaption ...capfont #2\strut }\ifdim \xfigwd 
                                                  >\columnwidth \setbox \@te...
l.566 ... (right axis, log) versus dataset scale.}
                                                  
The control sequence at the end of the top line
of your error message was never \def'ed. If you have
misspelled it (e.g., `\hobx'), type `I' and the correct
spelling (e.g., `I\hbox'). Otherwise just continue,
and I'll forget about whatever was undefined.

! Missing number, treated as zero.
<to be read again> 
                   >
l.566 ... (right axis, log) versus dataset scale.}
                                                  
A number should have been here; I inserted `0'.
(If you can't figure out why I needed to see a number,
look up `weird error' in the index to The TeXbook.)

! Illegal unit of measure (pt inserted).
<to be read again> 
                   >
l.566 ... (right axis, log) versus dataset scale.}
                                                  
Dimensions can be in units of em, ex, in, pt, pc,
cm, mm, dd, cc, nd, nc, bp, or sp; but yours is a new one!
I'll assume that you meant to say pt, for printer's points.
To recover gracefully from this error, it's best to
delete the erroneous units; e.g., type `2' to delete
two letters. (See Chapter 27 of The TeXbook.)



File: notaglineLogo.png Graphic file (type png)
<use notaglineLogo.png>
Package pdftex.def Info: notaglineLogo.png  used on input line 594.
(pdftex.def)             Requested size: 91.32pt x 91.66139pt.

Overfull \hbox (505.12177pt too wide) has occurred while \output is active
[]
 []


Overfull \hbox (505.12177pt too wide) has occurred while \output is active
[]
 []


Underfull \hbox (badness 10000) has occurred while \output is active
[]
 []

[11 <./figures/fig3_cross_domain_bars.png> <./figures/fig8_propagation_policies
.png>]
Overfull \hbox (23.6815pt too wide) in paragraph at lines 599--610
 [][] 
 []


Overfull \hbox (64.29198pt too wide) in paragraph at lines 618--628
 [][] 
 []

<figures/fig9_perf_baselines.png, id=81, 299.4387pt x 176.0979pt>
File: figures/fig9_perf_baselines.png Graphic file (type png)
<use figures/fig9_perf_baselines.png>
Package pdftex.def Info: figures/fig9_perf_baselines.png  used on input line 63
2.
(pdftex.def)             Requested size: 242.67355pt x 142.71375pt.
! Undefined control sequence.
\@makecaption ...capfont #2\strut }\ifdim \xfigwd 
                                                  >\columnwidth \setbox \@te...
l.633 ...ves by two-to-three orders of magnitude.}
                                                  
The control sequence at the end of the top line
of your error message was never \def'ed. If you have
misspelled it (e.g., `\hobx'), type `I' and the correct
spelling (e.g., `I\hbox'). Otherwise just continue,
and I'll forget about whatever was undefined.

! Missing number, treated as zero.
<to be read again> 
                   >
l.633 ...ves by two-to-three orders of magnitude.}
                                                  
A number should have been here; I inserted `0'.
(If you can't figure out why I needed to see a number,
look up `weird error' in the index to The TeXbook.)

! Illegal unit of measure (pt inserted).
<to be read again> 
                   >
l.633 ...ves by two-to-three orders of magnitude.}
                                                  
Dimensions can be in units of em, ex, in, pt, pc,
cm, mm, dd, cc, nd, nc, bp, or sp; but yours is a new one!
I'll assume that you meant to say pt, for printer's points.
To recover gracefully from this error, it's best to
delete the erroneous units; e.g., type `2' to delete
two letters. (See Chapter 27 of The TeXbook.)

<figures/fig6_propagation_vs_seeds.png, id=82, 278.7213pt x 165.4983pt>
File: figures/fig6_propagation_vs_seeds.png Graphic file (type png)
<use figures/fig6_propagation_vs_seeds.png>
Package pdftex.def Info: figures/fig6_propagation_vs_seeds.png  used on input l
ine 658.
(pdftex.def)             Requested size: 242.67355pt x 144.09344pt.
! Undefined control sequence.
\@makecaption ...capfont #2\strut }\ifdim \xfigwd 
                                                  >\columnwidth \setbox \@te...
l.659 ...eed set size on a 100K corpus (log-log).}
                                                  
The control sequence at the end of the top line
of your error message was never \def'ed. If you have
misspelled it (e.g., `\hobx'), type `I' and the correct
spelling (e.g., `I\hbox'). Otherwise just continue,
and I'll forget about whatever was undefined.

! Missing number, treated as zero.
<to be read again> 
                   >
l.659 ...eed set size on a 100K corpus (log-log).}
                                                  
A number should have been here; I inserted `0'.
(If you can't figure out why I needed to see a number,
look up `weird error' in the index to The TeXbook.)

! Illegal unit of measure (pt inserted).
<to be read again> 
                   >
l.659 ...eed set size on a 100K corpus (log-log).}
                                                  
Dimensions can be in units of em, ex, in, pt, pc,
cm, mm, dd, cc, nd, nc, bp, or sp; but yours is a new one!
I'll assume that you meant to say pt, for printer's points.
To recover gracefully from this error, it's best to
delete the erroneous units; e.g., type `2' to delete
two letters. (See Chapter 27 of The TeXbook.)




Underfull \hbox (badness 10000) in paragraph at lines 670--671
[]\T1/ptm/n/it/10 generate the 10K dataset; mat-ters carry the
 []


Underfull \hbox (badness 4084) in paragraph at lines 670--671
\T1/pcr/n/n/10 legal_obligation \T1/ptm/n/it/10 and \T1/pcr/n/n/10 legal_claim 
\T1/ptm/n/it/10 flags
 []

<figures/fig7_robustness_sweep.png, id=83, 262.8219pt x 168.3891pt>
File: figures/fig7_robustness_sweep.png Graphic file (type png)
<use figures/fig7_robustness_sweep.png>
Package pdftex.def Info: figures/fig7_robustness_sweep.png  used on input line 
722.
(pdftex.def)             Requested size: 242.67355pt x 155.4851pt.
! Undefined control sequence.
\@makecaption ...capfont #2\strut }\ifdim \xfigwd 
                                                  >\columnwidth \setbox \@te...
l.723 ...reases. No discontinuities are observed.}
                                                  
The control sequence at the end of the top line
of your error message was never \def'ed. If you have
misspelled it (e.g., `\hobx'), type `I' and the correct
spelling (e.g., `I\hbox'). Otherwise just continue,
and I'll forget about whatever was undefined.

! Missing number, treated as zero.
<to be read again> 
                   >
l.723 ...reases. No discontinuities are observed.}
                                                  
A number should have been here; I inserted `0'.
(If you can't figure out why I needed to see a number,
look up `weird error' in the index to The TeXbook.)

! Illegal unit of measure (pt inserted).
<to be read again> 
                   >
l.723 ...reases. No discontinuities are observed.}
                                                  
Dimensions can be in units of em, ex, in, pt, pc,
cm, mm, dd, cc, nd, nc, bp, or sp; but yours is a new one!
I'll assume that you meant to say pt, for printer's points.
To recover gracefully from this error, it's best to
delete the erroneous units; e.g., type `2' to delete
two letters. (See Chapter 27 of The TeXbook.)



File: notaglineLogo.png Graphic file (type png)
<use notaglineLogo.png>
Package pdftex.def Info: notaglineLogo.png  used on input line 728.
(pdftex.def)             Requested size: 91.32pt x 91.66139pt.

Overfull \hbox (505.12177pt too wide) has occurred while \output is active
[]
 []


Overfull \hbox (505.12177pt too wide) has occurred while \output is active
[]
 []


Underfull \hbox (badness 10000) has occurred while \output is active
[]
 []

[12 <./figures/fig4_scalability.png>]
Underfull \hbox (badness 1442) in paragraph at lines 731--732
\T1/pcr/n/n/10 python -m experiments.run_all\T1/ptm/n/it/10 . Ex-pected run-
 []


Underfull \hbox (badness 1852) in paragraph at lines 731--732
\T1/ptm/n/it/10 set. Out-puts land in \T1/pcr/n/n/10 experiments/results.json\T
1/ptm/n/it/10 .
 []


Underfull \hbox (badness 2503) in paragraph at lines 731--732
\T1/ptm/n/it/10 / RDF Tur-tle tool (\T1/pcr/n/n/10 python -c "import rdflib;
 []


Overfull \hbox (3.32645pt too wide) in paragraph at lines 731--732
\T1/pcr/n/n/10 rdflib.Graph().parse('ontology/trkg.ttl',
 []





File: notaglineLogo.png Graphic file (type png)
<use notaglineLogo.png>
Package pdftex.def Info: notaglineLogo.png  used on input line 746.
(pdftex.def)             Requested size: 91.32pt x 91.66139pt.

Overfull \hbox (505.12177pt too wide) has occurred while \output is active
[]
 []


Overfull \hbox (505.12177pt too wide) has occurred while \output is active
[]
 []


Underfull \hbox (badness 10000) has occurred while \output is active
[]
 []

[13 <./figures/fig9_perf_baselines.png> <./figures/fig6_propagation_vs_seeds.pn
g>]



File: notaglineLogo.png Graphic file (type png)
<use notaglineLogo.png>
Package pdftex.def Info: notaglineLogo.png  used on input line 770.
(pdftex.def)             Requested size: 91.32pt x 91.66139pt.

Overfull \hbox (505.12177pt too wide) has occurred while \output is active
[]
 []


Overfull \hbox (505.12177pt too wide) has occurred while \output is active
[]
 []


Underfull \hbox (badness 10000) has occurred while \output is active
[]
 []

[14 <./figures/fig7_robustness_sweep.png>]
Underfull \hbox (badness 7047) in paragraph at lines 773--774
\T1/ptm/n/it/10 The au-thor used an AI as-sis-tant for sentence-level
 []


Underfull \hbox (badness 6047) in paragraph at lines 773--774
\T1/ptm/n/it/10 edit-ing on por-tions of the manuscript and for im-
 []


Underfull \hbox (badness 2253) in paragraph at lines 773--774
\T1/ptm/n/it/10 ple-men-ta-tion as-sis-tance on parts of the rule-evaluation
 []

LaTeX Font Info:    Calculating math sizes for size <7.61> on input line 778.

Underfull \hbox (badness 1383) in paragraph at lines 790--791
[]\T1/ptm/m/n/7.61 M. Palmi-rani, G. Gov-er-na-tori, A. Ro-tolo, S. Tabet, H. B
o-ley, and
 []




Underfull \hbox (badness 7116) in paragraph at lines 823--824
[]\T1/ptm/m/n/7.61 Microsoft, ``Mi-crosoft Purview Doc-u-men-ta-tion,'' Mi-cros
oft Learn,
 []


Underfull \hbox (badness 3407) in paragraph at lines 823--824
\T1/ptm/m/n/7.61 2024. [On-line]. Avail-able: $https : / / learn . microsoft . 
com / en-[]us / purview/$.
 []



File: notaglineLogo.png Graphic file (type png)
<use notaglineLogo.png>
Package pdftex.def Info: notaglineLogo.png  used on input line 893.
(pdftex.def)             Requested size: 91.32pt x 91.66139pt.

Overfull \hbox (505.12177pt too wide) has occurred while \output is active
[]
 []


Overfull \hbox (505.12177pt too wide) has occurred while \output is active
[]
 []


Underfull \hbox (badness 10000) has occurred while \output is active
[]
 []

[15]
Underfull \hbox (badness 3536) in paragraph at lines 901--902
[]\T1/ptm/m/n/7.61 H. Knublauch and D. Kon-tokostas, ``Shapes Con-straint Lan-g
uage
 []

! Undefined control sequence.
\IEEEbiographynophoto ...biographyTOCentrynotmade 
                                                  \setcounter {biography}{-1...
l.918 ...in{IEEEbiographynophoto}{KISHORE PULAGAM}
                                                  
The control sequence at the end of the top line
of your error message was never \def'ed. If you have
misspelled it (e.g., `\hobx'), type `I' and the correct
spelling (e.g., `I\hbox'). Otherwise just continue,
and I'll forget about whatever was undefined.


! LaTeX Error: No counter 'biography' defined.

See the LaTeX manual or LaTeX Companion for explanation.
Type  H <return>  for immediate help.
 ...                                              
                                                  
l.918 ...in{IEEEbiographynophoto}{KISHORE PULAGAM}
                                                  
Your command was ignored.
Type  I <command> <return>  to replace it with another command,
or  <return>  to continue without it.


! LaTeX Error: No counter 'biography' defined.

See the LaTeX manual or LaTeX Companion for explanation.
Type  H <return>  for immediate help.
 ...                                              
                                                  
l.918 ...in{IEEEbiographynophoto}{KISHORE PULAGAM}
                                                  
Your command was ignored.
Type  I <command> <return>  to replace it with another command,
or  <return>  to continue without it.

! Undefined control sequence.
\IEEEbiographynophoto ...aphyTOCentrynotmadefalse 
                                                  \fi \refstepcounter {biogr...
l.918 ...in{IEEEbiographynophoto}{KISHORE PULAGAM}
                                                  
The control sequence at the end of the top line
of your error message was never \def'ed. If you have
misspelled it (e.g., `\hobx'), type `I' and the correct
spelling (e.g., `I\hbox'). Otherwise just continue,
and I'll forget about whatever was undefined.

! Extra \fi.
\IEEEbiographynophoto ...TOCentrynotmadefalse \fi 
                                                  \refstepcounter {biography...
l.918 ...in{IEEEbiographynophoto}{KISHORE PULAGAM}
                                                  
I'm ignoring this; it doesn't match any \if.

! You can't use a prefix with `\begingroup'.
<to be read again> 
                   \begingroup 
l.918 ...in{IEEEbiographynophoto}{KISHORE PULAGAM}
                                                  
I'll pretend you didn't say \long or \outer or \global or \protected.


! LaTeX Error: No counter 'biography' defined.

See the LaTeX manual or LaTeX Companion for explanation.
Type  H <return>  for immediate help.
 ...                                              
                                                  
l.918 ...in{IEEEbiographynophoto}{KISHORE PULAGAM}
                                                  
Your command was ignored.
Type  I <command> <return>  to replace it with another command,
or  <return>  to continue without it.

File: bullet.png Graphic file (type png)
<use bullet.png>
Package pdftex.def Info: bullet.png  used on input line 924.
(pdftex.def)             Requested size: 5.0pt x 5.00157pt.




File: notaglineLogo.png Graphic file (type png)
<use notaglineLogo.png>
Package pdftex.def Info: notaglineLogo.png  used on input line 926.
(pdftex.def)             Requested size: 91.32pt x 91.66139pt.

Overfull \hbox (505.12177pt too wide) has occurred while \output is active
[]
 []


Overfull \hbox (505.12177pt too wide) has occurred while \output is active
[]
 []


Underfull \hbox (badness 10000) has occurred while \output is active
[]
 []

[16

] (./T-RKG_IEEE_Access_v3_final.aux)
 ***********
LaTeX2e <2024-11-01> patch level 2
L3 programming layer <2025-01-18>
 ***********


LaTeX Font Warning: Some font shapes were not available, defaults substituted.


LaTeX Warning: Label(s) may have changed. Rerun to get cross-references right.

 ) 
Here is how much of TeX's memory you used:
 5588 strings out of 473190
 89743 string characters out of 5715801
 508521 words of memory out of 5000000
 28716 multiletter control sequences out of 15000+600000
 675822 words of font info for 185 fonts, out of 8000000 for 9000
 1141 hyphenation exceptions out of 8191
 72i,12n,79p,1732b,510s stack positions out of 10000i,1000n,20000p,200000b,200000s
</usr/local/texlive/2025/texmf-dist/fonts/type1/public/amsfonts/cm/cmex10.pfb
></usr/local/texlive/2025/texmf-dist/fonts/type1/public/amsfonts/cm/cmmi10.pfb>
</usr/local/texlive/2025/texmf-dist/fonts/type1/public/amsfonts/cm/cmmi6.pfb></
usr/local/texlive/2025/texmf-dist/fonts/type1/public/amsfonts/cm/cmmi7.pfb></us
r/local/texlive/2025/texmf-dist/fonts/type1/public/amsfonts/cm/cmmi8.pfb></usr/
local/texlive/2025/texmf-dist/fonts/type1/public/amsfonts/cm/cmmi9.pfb></usr/lo
cal/texlive/2025/texmf-dist/fonts/type1/public/amsfonts/cm/cmr10.pfb></usr/loca
l/texlive/2025/texmf-dist/fonts/type1/public/amsfonts/cm/cmr6.pfb></usr/local/t
exlive/2025/texmf-dist/fonts/type1/public/amsfonts/cm/cmr7.pfb></usr/local/texl
ive/2025/texmf-dist/fonts/type1/public/amsfonts/cm/cmr8.pfb></usr/local/texlive
/2025/texmf-dist/fonts/type1/public/amsfonts/cm/cmr9.pfb></usr/local/texlive/20
25/texmf-dist/fonts/type1/public/amsfonts/cm/cmsy10.pfb></usr/local/texlive/202
5/texmf-dist/fonts/type1/public/amsfonts/cm/cmsy7.pfb></usr/local/texlive/2025/
texmf-dist/fonts/type1/public/amsfonts/cm/cmsy8.pfb></usr/local/texlive/2025/te
xmf-dist/fonts/type1/public/amsfonts/cm/cmsy9.pfb></usr/local/texlive/2025/texm
f-dist/fonts/type1/public/amsfonts/symbols/msam10.pfb></usr/local/texlive/2025/
texmf-dist/fonts/type1/urw/courier/ucrr8a.pfb></usr/local/texlive/2025/texmf-di
st/fonts/type1/urw/helvetic/uhvb8a.pfb></usr/local/texlive/2025/texmf-dist/font
s/type1/urw/helvetic/uhvbo8a.pfb></usr/local/texlive/2025/texmf-dist/fonts/type
1/urw/helvetic/uhvr8a.pfb></usr/local/texlive/2025/texmf-dist/fonts/type1/urw/t
imes/utmb8a.pfb></usr/local/texlive/2025/texmf-dist/fonts/type1/urw/times/utmr8
a.pfb></usr/local/texlive/2025/texmf-dist/fonts/type1/urw/times/utmri8a.pfb>
Output written on T-RKG_IEEE_Access_v3_final.pdf (16 pages, 932362 bytes).
PDF statistics:
 202 PDF objects out of 1000 (max. 8388607)
 110 compressed objects within 2 object streams
 0 named destinations out of 1000 (max. 500000)
 74 words of extra memory for PDF output out of 10000 (max. 10000000)

